[ 1/40] fast ok conf 0.760 | reason ok conf 0.999 mass 0.993 gen 384 tok  21.9s
--- first rationale ---
1.  **Analyze the Alert:** `pg-disk-high` on `db-03`. Mount: `/var/lib/postgresql`. Used: **97.2%**. Threshold: 95%. This is an active alert for the data volume.
2.  **Analyze the Chat/Context:** Ravi checks the "DB Fleet" Grafana dashboard, which shows the **root volume ("/")** usage for `db-03` is **61%**. Ravi suggests it might be a false positive because the dashboard (the usual source of truth) shows low usage.
3.  **Analyze the Runbook (RB-DB-12):**
    *   Step 1 states: The Grafana dashboard only collects metrics for the **ROOT volume ("/")**.
    *   Step 1 also states: Data volumes (`/var/lib/postgresql`) are monitored **exclusively by node-alertd**, and **no dashboard panel shows 
---
[ 2/40] fast ok conf 1.000 | reason ok conf 1.000 mass 1.000 gen 292 tok  16.3s
[ 3/40] fast ok conf 1.000 | reason ok conf 1.000 mass 1.000 gen 365 tok  27.5s
[ 4/40] fast x  conf 0.986 | reason x  conf 0.967 mass 0.999 gen 384 tok  21.0s
[ 5/40] fast ok conf 0.999 | reason ok conf 0.971 mass 0.002 gen 384 tok  21.2s
[ 6/40] fast ok conf 0.993 | reason ok conf 0.798 mass 0.920 gen 384 tok  21.2s
[ 7/40] fast ok conf 0.622 | reason ok conf 0.939 mass 0.997 gen 384 tok  21.9s
[ 8/40] fast ok conf 0.798 | reason ok conf 0.936 mass 0.000 gen 384 tok  21.4s
[ 9/40] fast ok conf 0.915 | reason x  conf 0.584 mass 0.102 gen 384 tok  28.3s  <- reasoning BROKE
[10/40] fast ok conf 0.997 | reason ok conf 1.000 mass 1.000 gen 384 tok  28.1s
[11/40] fast ok conf 0.990 | reason ok conf 0.999 mass 0.351 gen 384 tok  20.6s
[12/40] fast ok conf 0.926 | reason ok conf 0.998 mass 0.021 gen 384 tok  28.6s
[13/40] fast ok conf 0.998 | reason ok conf 1.000 mass 1.000 gen 384 tok  20.3s
[14/40] fast x  conf 1.000 | reason x  conf 0.988 mass 0.993 gen 384 tok  22.7s
[15/40] fast x  conf 0.695 | reason x  conf 0.971 mass 0.109 gen 384 tok  28.2s
[16/40] fast x  conf 1.000 | reason x  conf 0.998 mass 0.994 gen 384 tok  21.3s
[17/40] fast ok conf 0.846 | reason x  conf 0.822 mass 0.884 gen 384 tok  28.5s  <- reasoning BROKE
[18/40] fast ok conf 0.901 | reason x  conf 0.922 mass 0.001 gen 384 tok  28.7s  <- reasoning BROKE
[19/40] fast x  conf 0.725 | reason x  conf 0.830 mass 0.993 gen 384 tok  23.0s
[20/40] fast ok conf 0.999 | reason ok conf 1.000 mass 1.000 gen 373 tok  20.1s
[21/40] fast x  conf 0.998 | reason x  conf 0.835 mass 0.000 gen 230 tok  12.7s
[22/40] fast ok conf 0.989 | reason ok conf 0.886 mass 0.022 gen 384 tok  33.4s
[23/40] fast ok conf 0.991 | reason ok conf 0.932 mass 0.147 gen 384 tok  21.0s
[24/40] fast x  conf 1.000 | reason x  conf 0.955 mass 0.001 gen 384 tok  23.0s
[25/40] fast ok conf 0.967 | reason x  conf 0.466 mass 0.001 gen 384 tok  26.6s  <- reasoning BROKE
[26/40] fast ok conf 0.999 | reason ok conf 1.000 mass 1.000 gen 384 tok  20.8s
[27/40] fast x  conf 0.982 | reason ok conf 0.988 mass 0.001 gen 384 tok  21.5s  <- reasoning FIXED
[28/40] fast ok conf 0.994 | reason ok conf 0.999 mass 1.000 gen 384 tok  32.3s
[29/40] fast ok conf 0.401 | reason ok conf 0.503 mass 0.000 gen 384 tok  21.2s
[30/40] fast x  conf 0.974 | reason ok conf 0.804 mass 0.997 gen 384 tok  28.0s  <- reasoning FIXED
[31/40] fast ok conf 0.995 | reason ok conf 1.000 mass 1.000 gen 346 tok  18.6s
[32/40] fast ok conf 1.000 | reason ok conf 1.000 mass 1.000 gen 299 tok  16.3s
[33/40] fast x  conf 0.775 | reason x  conf 0.947 mass 0.002 gen 384 tok  29.5s
[34/40] fast x  conf 0.958 | reason x  conf 0.971 mass 0.000 gen 384 tok  21.2s
[35/40] fast x  conf 0.493 | reason x  conf 0.926 mass 0.034 gen 384 tok  29.5s
[36/40] fast ok conf 0.995 | reason ok conf 1.000 mass 1.000 gen 384 tok  21.1s
[37/40] fast ok conf 0.893 | reason ok conf 0.608 mass 0.000 gen 384 tok  20.7s
[38/40] fast x  conf 0.936 | reason ok conf 0.993 mass 0.984 gen 384 tok  29.0s  <- reasoning FIXED
[39/40] fast ok conf 0.982 | reason ok conf 0.881 mass 0.001 gen 384 tok  27.8s
[40/40] fast ok conf 1.000 | reason ok conf 1.000 mass 1.000 gen 382 tok  21.1s
