[ 1/40] tok   432 notes  0 | base ok notes ok mass 1.000   2.3s
[ 2/40] tok   176 notes  0 | base ok notes ok mass 1.000   1.2s
[ 3/40] tok  2561 notes 13 | base ok notes ok mass 1.000  14.4s
--- first notes --- "The current | "Trace the | "The exact | "The required | "The required | "Trace the | "The required | "Trace the | "The required | "Trace the | "Trace the | "Trace the | "The exact
[ 4/40] tok   282 notes  3 | base x  notes x  mass 1.000   2.2s
[ 5/40] tok   336 notes  3 | base ok notes ok mass 1.000   2.3s
[ 6/40] tok   334 notes  1 | base ok notes ok mass 0.999   2.0s
[ 7/40] tok   457 notes  2 | base ok notes x  mass 1.000   2.9s  <- notes BROKE
[ 8/40] tok   404 notes  1 | base ok notes ok mass 0.995   2.3s
[ 9/40] tok  2561 notes 16 | base ok notes ok mass 1.000  14.3s
[10/40] tok  2462 notes 14 | base ok notes ok mass 1.000  13.8s
[11/40] tok   154 notes  1 | base ok notes ok mass 1.000   1.1s
[12/40] tok  2617 notes 20 | base ok notes ok mass 1.000  15.5s
[13/40] tok    96 notes  0 | base ok notes ok mass 1.000   0.3s
[14/40] tok   787 notes  3 | base x  notes x  mass 1.000   4.8s
[15/40] tok  2423 notes  7 | base x  notes x  mass 1.000  13.5s
[16/40] tok   394 notes  0 | base x  notes x  mass 1.000   2.3s
[17/40] tok  2589 notes 18 | base ok notes ok mass 1.000  14.9s
[18/40] tok  2345 notes  3 | base ok notes ok mass 1.000  12.5s
[19/40] tok   694 notes  1 | base x  notes x  mass 1.000   3.9s
[20/40] tok   166 notes  1 | base ok notes ok mass 1.000   1.2s
[21/40] tok   132 notes  2 | base x  notes x  mass 1.000   1.3s
[22/40] tok  3628 notes  2 | base ok notes ok mass 1.000  19.2s
[23/40] tok   233 notes  2 | base ok notes ok mass 0.999   1.7s
[24/40] tok   677 notes  3 | base x  notes x  mass 1.000   4.2s
[25/40] tok  1867 notes 10 | base ok notes ok mass 0.999  11.2s
[26/40] tok   234 notes  1 | base ok notes ok mass 1.000   1.4s
[27/40] tok   404 notes  1 | base x  notes x  mass 1.000   2.3s
[28/40] tok  3360 notes  5 | base ok notes ok mass 1.000  17.9s
[29/40] tok   169 notes  2 | base ok notes ok mass 1.000   1.7s
[30/40] tok  2184 notes  4 | base x  notes x  mass 1.000  11.6s
[31/40] tok   124 notes  0 | base ok notes ok mass 1.000   0.4s
[32/40] tok   130 notes  1 | base ok notes ok mass 1.000   1.1s
[33/40] tok  2380 notes  4 | base x  notes x  mass 1.000  12.9s
[34/40] tok   258 notes  3 | base x  notes x  mass 0.999   2.1s
[35/40] tok  2509 notes 10 | base x  notes x  mass 1.000  14.0s
[36/40] tok   197 notes  0 | base ok notes ok mass 1.000   1.3s
[37/40] tok   153 notes  2 | base ok notes ok mass 1.000   1.4s
[38/40] tok  2557 notes 16 | base x  notes x  mass 1.000  14.4s
[39/40] tok  2248 notes  7 | base ok notes ok mass 0.999  12.0s
[40/40] tok   187 notes  1 | base ok notes ok mass 1.000   1.4s

states that got notes: 34/40
arm     acc    mass_mean mass_min  sec/item
base   0.675  0.9998   0.9967  2.14
notes  0.650  0.9997   0.9948  6.53
