model=mlx-community/gemma-4-e4b-it-8bit lang=en frame=' (most important 3 words for key facts relevant to question "{q}" are:' budget=3 words nofiller=True
filler ban: 690 tokens masked
rollback identity control: maxdiff 0.0
[ 1/40] tok   432 notes  4 | base ok notes x  mass 1.000   4.5s  <- notes BROKE
--- first notes --- disk, high, db-03 | db-03, pg-disk-high | node-alertd, /var/lib/ | node-alertd, /var/lib/
[ 2/40] tok   176 notes  2 | base ok notes ok mass 1.000   1.7s
[ 3/40] tok  2561 notes 10 | base ok notes ok mass 1.000  16.9s
[ 4/40] tok   282 notes  3 | base x  notes x  mass 1.000   2.8s
[ 5/40] tok   336 notes  2 | base ok notes ok mass 1.000   2.7s
[ 6/40] tok   334 notes  1 | base ok notes ok mass 0.999   2.4s
[ 7/40] tok   457 notes  4 | base ok notes ok mass 1.000   3.5s
[ 8/40] tok   404 notes  3 | base ok notes ok mass 0.996   3.0s
[ 9/40] tok  2561 notes 17 | base ok notes ok mass 1.000  19.0s
[10/40] tok  2462 notes 10 | base ok notes ok mass 1.000  17.3s
[11/40] tok   154 notes  2 | base ok notes ok mass 1.000   1.8s
[12/40] tok  2617 notes 14 | base ok notes ok mass 1.000  16.2s
[13/40] tok    96 notes  0 | base ok notes ok mass 1.000   0.3s
[14/40] tok   787 notes  2 | base x  notes x  mass 1.000   4.9s
[15/40] tok  2423 notes 12 | base x  notes x  mass 1.000  16.5s
[16/40] tok   394 notes  1 | base x  notes x  mass 1.000   2.6s
[17/40] tok  2589 notes 15 | base ok notes ok mass 1.000  15.9s
[18/40] tok  2345 notes  8 | base ok notes ok mass 1.000  14.4s
[19/40] tok   694 notes  4 | base x  notes x  mass 1.000   5.3s
[20/40] tok   166 notes  2 | base ok notes ok mass 1.000   1.5s
[21/40] tok   132 notes  2 | base x  notes x  mass 1.000   1.6s
[22/40] tok  3628 notes  0 | base ok notes ok mass 1.000  18.8s
[23/40] tok   233 notes  2 | base ok notes ok mass 0.999   2.1s
[24/40] tok   677 notes  6 | base x  notes x  mass 1.000   5.9s
[25/40] tok  1867 notes 14 | base ok notes ok mass 0.999  13.9s
[26/40] tok   234 notes  1 | base ok notes ok mass 1.000   1.5s
[27/40] tok   404 notes  3 | base x  notes x  mass 1.000   3.6s
[28/40] tok  3360 notes 12 | base ok notes ok mass 1.000  20.5s
[29/40] tok   169 notes  2 | base ok notes ok mass 1.000   1.9s
[30/40] tok  2184 notes  6 | base x  notes x  mass 1.000  12.5s
[31/40] tok   124 notes  0 | base ok notes ok mass 1.000   0.4s
[32/40] tok   130 notes  2 | base ok notes ok mass 1.000   1.5s
[33/40] tok  2380 notes 16 | base x  notes x  mass 1.000  17.6s
[34/40] tok   258 notes  2 | base x  notes x  mass 0.999   2.7s
[35/40] tok  2509 notes  5 | base x  notes x  mass 1.000  15.0s
[36/40] tok   197 notes  2 | base ok notes ok mass 1.000   1.9s
[37/40] tok   153 notes  1 | base ok notes ok mass 1.000   1.5s
[38/40] tok  2557 notes 13 | base x  notes x  mass 1.000  15.2s
[39/40] tok  2248 notes 10 | base ok notes ok mass 1.000  13.8s
[40/40] tok   187 notes  2 | base ok notes ok mass 1.000   1.8s

notes 217, distinct 162
arm     acc    mass_mean mass_min  sec/item
base   0.675  0.9998   0.9967  2.14
notes  0.650  0.9998   0.9960  7.67
