vocab 262144, CJK-only tokens allowed in notes: 17746
[ 1/40] tok   432 notes  3 | base ok notes ok mass 1.000   2.8s
--- first notes --- 备忘 | 我们数 | 节点警
[ 2/40] tok   176 notes  2 | base ok notes ok mass 1.000   1.3s
[ 3/40] tok  2561 notes 12 | base ok notes ok mass 1.000  12.4s
[ 4/40] tok   282 notes  3 | base x  notes x  mass 1.000   1.8s
[ 5/40] tok   336 notes  3 | base ok notes ok mass 1.000   1.9s
[ 6/40] tok   334 notes  3 | base ok notes ok mass 0.999   2.0s
[ 7/40] tok   457 notes  3 | base ok notes ok mass 1.000   2.7s
[ 8/40] tok   404 notes  3 | base ok notes ok mass 0.992   2.4s
[ 9/40] tok  2561 notes 16 | base ok notes ok mass 1.000  12.6s
[10/40] tok  2462 notes 14 | base ok notes ok mass 1.000  12.3s
[11/40] tok   154 notes  2 | base ok notes ok mass 1.000   1.2s
[12/40] tok  2617 notes 13 | base ok notes ok mass 1.000  12.9s
[13/40] tok    96 notes  0 | base ok notes ok mass 1.000   0.3s
[14/40] tok   787 notes  7 | base x  notes x  mass 1.000   4.4s
[15/40] tok  2423 notes 17 | base x  notes x  mass 1.000  12.5s
[16/40] tok   394 notes  3 | base x  notes x  mass 1.000   2.1s
[17/40] tok  2589 notes 14 | base ok notes ok mass 1.000  12.8s
[18/40] tok  2345 notes 15 | base ok notes ok mass 1.000  12.0s
[19/40] tok   694 notes  6 | base x  notes x  mass 1.000   4.1s
[20/40] tok   166 notes  2 | base ok notes ok mass 1.000   1.2s
[21/40] tok   132 notes  2 | base x  notes x  mass 1.000   1.1s
[22/40] tok  3628 notes 21 | base ok notes ok mass 1.000  19.3s
[23/40] tok   233 notes  1 | base ok notes ok mass 0.999   1.4s
[24/40] tok   677 notes  6 | base x  notes x  mass 1.000   4.1s
[25/40] tok  1867 notes 14 | base ok notes ok mass 0.999  10.1s
[26/40] tok   234 notes  2 | base ok notes ok mass 1.000   1.4s
[27/40] tok   404 notes  4 | base x  notes x  mass 1.000   2.5s
[28/40] tok  3360 notes 21 | base ok notes ok mass 1.000  17.3s
[29/40] tok   169 notes  1 | base ok notes ok mass 1.000   1.3s
[30/40] tok  2184 notes 12 | base x  notes x  mass 1.000  11.0s
[31/40] tok   124 notes  0 | base ok notes ok mass 1.000   0.4s
[32/40] tok   130 notes  2 | base ok notes ok mass 1.000   1.0s
[33/40] tok  2380 notes 16 | base x  notes x  mass 1.000  12.4s
[34/40] tok   258 notes  3 | base x  notes x  mass 0.999   1.7s
[35/40] tok  2509 notes 18 | base x  notes x  mass 1.000  13.0s
[36/40] tok   197 notes  1 | base ok notes ok mass 1.000   1.4s
[37/40] tok   153 notes  2 | base ok notes ok mass 0.999   1.2s
[38/40] tok  2557 notes 12 | base x  notes x  mass 1.000  12.4s
[39/40] tok  2248 notes 15 | base ok notes ok mass 0.999  11.4s
[40/40] tok   187 notes  2 | base ok notes ok mass 1.000   1.4s

states that got notes: 38/40
arm     acc    mass_mean mass_min  sec/item
base   0.675  0.9998   0.9967  2.14
notes  0.675  0.9996   0.9918  6.04
