model=mlx-community/gemma-4-e4b-it-bf16  hard tier, n=40
prefix                                   pat        mass     acc    conf  tok
------------------------------------------------------------------------------
'Answer:'                                ' {}'    0.8937   0.625   0.905    2
'Answer: **'                             ' {}'    0.0000   0.650   0.988    3
'**'                                     ' {}'    0.0000   0.500   0.809    1
'Answer:\n'                              ' {}'    0.0000   0.600   0.954    3
'The answer is'                          ' {}'    0.1029   0.575   0.913    3
'Answer: ('                              ' {}'    0.0000   0.675   0.979    3
''                                       ' {}'    0.0000   0.550   0.914    0
'<|channel|>final<|message|>'            ' {}'    0.0001   0.450   0.934    9
'<|channel|>final<|message|>Answer: **'  ' {}'    0.0000   0.625   0.987   12
'Answer:'                                '{}'     0.0000   0.600   0.957    2
'Answer: **'                             '{}'     0.9998   0.650   0.916    3
'**'                                     '{}'     0.3571   0.475   0.818    1
'Answer:\n'                              '{}'     0.9787   0.600   0.861    3
'The answer is'                          '{}'     0.0000   0.575   0.937    3
'Answer: ('                              '{}'     0.9690   0.675   0.907    3
''                                       '{}'     0.5191   0.500   0.871    0
'<|channel|>final<|message|>'            '{}'     0.9536   0.525   0.851    9
'<|channel|>final<|message|>Answer: **'  '{}'     0.9991   0.600   0.903   12

best by mass:     ('Answer: **', '{}')
best by accuracy: ('Answer: (', ' {}')
