model=mlx-community/gemma-4-e4b-it-8bit  HEAD='<bos><|turn>user\n'  TAIL='<turn|>\n<|turn>model\n'
[ 1/40] tok   432 ckpts   8 | base ok p0 x  traj-final ok flips  4 min-mass 0.983   2.2s
[ 2/40] tok   176 ckpts   4 | base ok p0 x  traj-final ok flips  2 min-mass 0.691   1.1s
[ 3/40] tok  2561 ckpts  41 | base ok p0 x  traj-final ok flips  1 min-mass 0.977  11.3s
[ 4/40] tok   282 ckpts   6 | base x  p0 x  traj-final ok flips  3 min-mass 0.992   1.5s
[ 5/40] tok   336 ckpts   7 | base ok p0 ok traj-final ok flips  2 min-mass 0.992   1.7s
[ 6/40] tok   334 ckpts   7 | base ok p0 ok traj-final ok flips  0 min-mass 0.880   1.7s
[ 7/40] tok   457 ckpts   9 | base ok p0 ok traj-final ok flips  0 min-mass 0.446   2.3s
[ 8/40] tok   404 ckpts   8 | base ok p0 x  traj-final x  flips  2 min-mass 0.962   1.9s
[ 9/40] tok  2561 ckpts  41 | base ok p0 ok traj-final x  flips  6 min-mass 0.997  10.5s
[10/40] tok  2462 ckpts  39 | base ok p0 x  traj-final ok flips  1 min-mass 0.997  10.3s
[11/40] tok   154 ckpts   4 | base ok p0 x  traj-final ok flips  1 min-mass 0.438   1.0s
[12/40] tok  2617 ckpts  42 | base ok p0 ok traj-final ok flips  2 min-mass 0.968  11.2s
[13/40] tok    96 ckpts   3 | base ok p0 x  traj-final ok flips  1 min-mass 0.961   0.7s
[14/40] tok   787 ckpts  14 | base x  p0 x  traj-final x  flips  0 min-mass 0.946   3.6s
[15/40] tok  2423 ckpts  39 | base x  p0 x  traj-final x  flips 10 min-mass 0.230  10.3s
[16/40] tok   394 ckpts   8 | base x  p0 ok traj-final x  flips  1 min-mass 0.874   2.0s
[17/40] tok  2589 ckpts  42 | base ok p0 x  traj-final ok flips 11 min-mass 0.824  11.5s
[18/40] tok  2345 ckpts  38 | base ok p0 ok traj-final x  flips 10 min-mass 0.158  10.0s
[19/40] tok   694 ckpts  12 | base x  p0 x  traj-final x  flips  0 min-mass 0.947   3.3s
[20/40] tok   166 ckpts   4 | base ok p0 ok traj-final ok flips  2 min-mass 0.827   1.0s
[21/40] tok   132 ckpts   4 | base x  p0 x  traj-final x  flips  2 min-mass 0.961   1.0s
[22/40] tok  3628 ckpts  57 | base ok p0 x  traj-final x  flips  8 min-mass 0.979  16.5s
[23/40] tok   233 ckpts   5 | base ok p0 ok traj-final ok flips  0 min-mass 0.989   1.3s
[24/40] tok   677 ckpts  12 | base x  p0 ok traj-final x  flips  1 min-mass 0.999   3.4s
[25/40] tok  1867 ckpts  30 | base ok p0 x  traj-final ok flips  3 min-mass 0.045   8.4s
[26/40] tok   234 ckpts   5 | base ok p0 ok traj-final ok flips  0 min-mass 0.993   1.4s
[27/40] tok   404 ckpts   8 | base x  p0 ok traj-final x  flips  3 min-mass 0.851   2.1s
[28/40] tok  3360 ckpts  53 | base ok p0 ok traj-final ok flips 16 min-mass 0.997  15.3s
[29/40] tok   169 ckpts   4 | base ok p0 x  traj-final ok flips  1 min-mass 0.946   1.2s
[30/40] tok  2184 ckpts  35 | base x  p0 ok traj-final ok flips  6 min-mass 0.987   9.5s
[31/40] tok   124 ckpts   3 | base ok p0 ok traj-final ok flips  2 min-mass 0.961   0.8s
[32/40] tok   130 ckpts   4 | base ok p0 ok traj-final ok flips  0 min-mass 0.991   0.9s
[33/40] tok  2380 ckpts  38 | base x  p0 x  traj-final x  flips 10 min-mass 0.295  10.2s
[34/40] tok   258 ckpts   5 | base x  p0 x  traj-final ok flips  3 min-mass 0.992   1.3s
[35/40] tok  2509 ckpts  40 | base x  p0 ok traj-final ok flips 19 min-mass 0.427  11.7s
[36/40] tok   197 ckpts   5 | base ok p0 x  traj-final ok flips  1 min-mass 0.999   1.3s
[37/40] tok   153 ckpts   4 | base ok p0 x  traj-final ok flips  1 min-mass 0.961   1.0s
[38/40] tok  2557 ckpts  41 | base x  p0 x  traj-final x  flips  6 min-mass 0.914  11.6s
[39/40] tok  2248 ckpts  36 | base ok p0 ok traj-final ok flips  0 min-mass 0.263  10.5s
[40/40] tok   187 ckpts   4 | base ok p0 ok traj-final ok flips  0 min-mass 0.992   1.1s

tokenization mismatches vs adapter templating: 18/40
